[33mÔØ»[39m Building...
node.exe : C:\Users\LENOVO\Desktop\all project 
java Youcode\MoroccanTours\frontend\node_module
s\tailwindcss\dist\lib.js:38
At line:1 char:1
+ & "C:\Program Files\nodejs/node.exe" 
"C:\Program Files\nodejs/node_mo ...
+ ~~~~~~~~~~~~~~~~~~~~~~~~~~~~~~~~~~~~~~~~~~~~~
~~~~~~~~~~~~~~~~~~~~~~~~
    + CategoryInfo          : NotSpecified: (C 
   :\Users\LENOVO...\dist\lib.js:38:String) [  
  ], RemoteException
    + FullyQualifiedErrorId : NativeCommandErr 
   or
 
${N}`)}}))u.get(b)?.(x);for(let b of 
m)b(x);if(d){let b=[];for(let[E,N]of 
x.theme.entries()){if(N.options&2)continue;let 
L=l(Ae(E),N.value);L.src=N.src,b.push(L)}let 
D=x.theme.getKeyframes();for(let E of D)e.push(
de({theme:!0},[W([E])]));d.nodes=[de({theme:!0}
,b)]}if(a|=ot(e,x),a|=Fe(e,x),a|=Te(e,x),p){let
 b=p;b.kind="context",b.context={}}return 
I(e,b=>{if(b.kind==="at-rule")return b.name==="
@utility"?R.Replace([]):R.Skip}),{designSystem:
x,ast:e,sources:h,root:V,utilitiesNode:p,featur
es:a,inlineCandidates:w}}async function gn(e,r=
{}){let{designSystem:i,ast:t,sources:n,root:a,u
tilitiesNode:o,features:f,inlineCandidates:u}=a
wait mn(e,r);t.unshift(dt(`! tailwindcss 
v${hr} | MIT License | https://tailwindcss.com 
`));function 
c(h){i.invalidCandidates.add(h)}let m=new 
Set,d=null,p=0,k=!1;for(let h of u)i.invalidCan
didates.has(h)||(m.add(h),k=!0);return{sources:
n,root:a,features:f,build(h){if(f===0)return 
e;if(!o)return d??=Re(t,i,r.polyfills),d;let 
w=k,A=!1;k=!1;let V=m.size;for(let b of h)if(!i
.invalidCandidates.has(b))if(b[0]==="-"&&b[1]==
="-"){let 
D=i.theme.markUsedVariable(b);w||=D,A||=D}else 
m.add(b),w||=m.size!==V;if(!w)return 
d??=Re(t,i,r.polyfills),d;let x=Ee(m,i,{onInval
idCandidate:c}).astNodes;return r.from&&I(x,b=>
{b.src??=o.src}),!A&&p===x.length?(d??=Re(t,i,r
.polyfills),d):(p=x.length,o.nodes=x,d=Re(t,i,r
.polyfills),d)}}}async function ia(e,r={}){let 
i=Ve(e,{from:r.from}),t=await 
gn(i,r),n=i,a=e;return{...t,build(o){let 
f=t.build(o);return f===n||(a=ne(f,!!r.from),n=
f),a},buildSourceMap(){return 
fn({ast:n})}}}async function 
na(e,r={}){return(await mn(Ve(e,{from:r.from}),
r)).designSystem}function at(){throw new 
Error("It looks like you're trying to use 
`tailwindcss` directly as a PostCSS plugin. 
The PostCSS plugin has moved to a separate 
package, so to continue using Tailwind CSS 
with PostCSS you'll need to install 
`@tailwindcss/postcss` and update your PostCSS 
configuration.")}for(let e in Ut)e!=="default"&
&(at[e]=Ut[e]);module.exports=at;
                                               
                                               
                                               
                                               
                                               
                                               
                                               
                                               
                                               
                                               
                                               
                                               
                                               
                                               
                                               
                                               
                                               
                                               
                                               
                                               
                                               
                                 

Error: It looks like you're trying to use 
`tailwindcss` directly as a PostCSS plugin. 
The PostCSS plugin has moved to a separate 
package, so to continue using Tailwind CSS 
with PostCSS you'll need to install 
`@tailwindcss/postcss` and update your PostCSS 
configuration.
    at Object.at [as default] 
(C:\Users\LENOVO\Desktop\all project java Youco
de\MoroccanTours\frontend\node_modules\tailwind
css\dist\lib.js:38:1643)
    at StylesheetPluginFactory.initPostcss 
(C:\Users\LENOVO\Desktop\all project java Youco
de\MoroccanTours\frontend\node_modules\@angular
\build\src\tools\esbuild\stylesheets\stylesheet
-plugin-factory.js:173:66)

Node.js v24.12.0
